<?xml version="1.0" encoding="UTF-8"?>
<testsuites name="jest tests" tests="12" failures="0" errors="0" time="0.593">
  <testsuite name="DevOpsHomepage" errors="0" failures="0" skipped="0" timestamp="2025-09-29T11:08:47" time="0.199" tests="8">
    <testcase classname="DevOpsHomepage renders main title" name="DevOpsHomepage renders main title" time="0.033">
    </testcase>
    <testcase classname="DevOpsHomepage renders hero section with gratitude message" name="DevOpsHomepage renders hero section with gratitude message" time="0.004">
    </testcase>
    <testcase classname="DevOpsHomepage displays current time" name="DevOpsHomepage displays current time" time="0.004">
    </testcase>
    <testcase classname="DevOpsHomepage renders all metric cards" name="DevOpsHomepage renders all metric cards" time="0.004">
    </testcase>
    <testcase classname="DevOpsHomepage renders all grateful items" name="DevOpsHomepage renders all grateful items" time="0.005">
    </testcase>
    <testcase classname="DevOpsHomepage renders call-to-action buttons" name="DevOpsHomepage renders call-to-action buttons" time="0.003">
    </testcase>
    <testcase classname="DevOpsHomepage renders footer with copyright" name="DevOpsHomepage renders footer with copyright" time="0.004">
    </testcase>
    <testcase classname="DevOpsHomepage deployment counter increments over time" name="DevOpsHomepage deployment counter increments over time" time="0.018">
    </testcase>
  </testsuite>
  <testsuite name="MetricCard" errors="0" failures="0" skipped="0" timestamp="2025-09-29T11:08:47" time="0.043" tests="2">
    <testcase classname="MetricCard renders metric card with correct props" name="MetricCard renders metric card with correct props" time="0.002">
    </testcase>
    <testcase classname="MetricCard renders with different colors" name="MetricCard renders with different colors" time="0.001">
    </testcase>
  </testsuite>
  <testsuite name="App" errors="0" failures="0" skipped="0" timestamp="2025-09-29T11:08:47" time="0.032" tests="1">
    <testcase classname="App renders DevOpsHomepage component" name="App renders DevOpsHomepage component" time="0.001">
    </testcase>
  </testsuite>
  <testsuite name="undefined" errors="0" failures="0" skipped="0" timestamp="2025-09-29T11:08:47" time="0.016" tests="1">
    <testcase classname=" smoke: test runner works" name=" smoke: test runner works" time="0">
    </testcase>
  </testsuite>
</testsuites>